2025-11-16 10:52:16.008 [main] INFO  com.nian.yinianzhida.YinianzhidaApplication - Starting YinianzhidaApplication using Java 25.0.1 with PID 11400 (D:\HuaweiMoveData\Users\kings\Desktop\.job\Back\target\classes started by kings in D:\HuaweiMoveData\Users\kings\Desktop\.job\Back)
2025-11-16 10:52:16.016 [main] DEBUG com.nian.yinianzhida.YinianzhidaApplication - Running with Spring Boot v3.5.7, Spring v6.2.12
2025-11-16 10:52:16.017 [main] INFO  com.nian.yinianzhida.YinianzhidaApplication - The following 1 profile is active: "dev"
2025-11-16 10:52:17.644 [main] INFO  o.s.d.r.config.RepositoryConfigurationDelegate - Multiple Spring Data modules found, entering strict repository configuration mode
2025-11-16 10:52:17.648 [main] INFO  o.s.d.r.config.RepositoryConfigurationDelegate - Bootstrapping Spring Data Redis repositories in DEFAULT mode.
2025-11-16 10:52:17.686 [main] INFO  o.s.d.r.config.RepositoryConfigurationDelegate - Finished Spring Data repository scanning in 13 ms. Found 0 Redis repository interfaces.
2025-11-16 10:52:18.400 [main] INFO  o.s.boot.web.embedded.tomcat.TomcatWebServer - Tomcat initialized with port 8000 (http)
2025-11-16 10:52:18.420 [main] INFO  org.apache.catalina.core.StandardService - Starting service [Tomcat]
2025-11-16 10:52:18.420 [main] INFO  org.apache.catalina.core.StandardEngine - Starting Servlet engine: [Apache Tomcat/10.1.48]
2025-11-16 10:52:18.509 [main] INFO  o.a.c.core.ContainerBase.[Tomcat].[localhost].[/] - Initializing Spring embedded WebApplicationContext
2025-11-16 10:52:18.510 [main] INFO  o.s.b.w.s.c.ServletWebServerApplicationContext - Root WebApplicationContext: initialization completed in 2150 ms
2025-11-16 10:52:19.472 [main] WARN  o.s.b.w.s.c.AnnotationConfigServletWebServerApplicationContext - Exception encountered during context initialization - cancelling refresh attempt: org.springframework.beans.factory.BeanCreationException: Error creating bean with name 'authController' defined in file [D:\HuaweiMoveData\Users\kings\Desktop\.job\Back\target\classes\com\nian\yinianzhida\controller\AuthController.class]: Failed to instantiate [com.nian.yinianzhida.controller.AuthController]: Constructor threw exception
2025-11-16 10:52:19.476 [main] INFO  org.apache.catalina.core.StandardService - Stopping service [Tomcat]
2025-11-16 10:52:19.486 [main] INFO  o.s.b.a.logging.ConditionEvaluationReportLogger - 

Error starting ApplicationContext. To display the condition evaluation report re-run your application with 'debug' enabled.
2025-11-16 10:52:19.505 [main] ERROR org.springframework.boot.SpringApplication - Application run failed
org.springframework.beans.factory.BeanCreationException: Error creating bean with name 'authController' defined in file [D:\HuaweiMoveData\Users\kings\Desktop\.job\Back\target\classes\com\nian\yinianzhida\controller\AuthController.class]: Failed to instantiate [com.nian.yinianzhida.controller.AuthController]: Constructor threw exception
	at org.springframework.beans.factory.support.AbstractAutowireCapableBeanFactory.instantiateBean(AbstractAutowireCapableBeanFactory.java:1357)
	at org.springframework.beans.factory.support.AbstractAutowireCapableBeanFactory.createBeanInstance(AbstractAutowireCapableBeanFactory.java:1242)
	at org.springframework.beans.factory.support.AbstractAutowireCapableBeanFactory.doCreateBean(AbstractAutowireCapableBeanFactory.java:569)
	at org.springframework.beans.factory.support.AbstractAutowireCapableBeanFactory.createBean(AbstractAutowireCapableBeanFactory.java:529)
	at org.springframework.beans.factory.support.AbstractBeanFactory.lambda$doGetBean$0(AbstractBeanFactory.java:339)
	at org.springframework.beans.factory.support.DefaultSingletonBeanRegistry.getSingleton(DefaultSingletonBeanRegistry.java:373)
	at org.springframework.beans.factory.support.AbstractBeanFactory.doGetBean(AbstractBeanFactory.java:337)
	at org.springframework.beans.factory.support.AbstractBeanFactory.getBean(AbstractBeanFactory.java:202)
	at org.springframework.beans.factory.support.DefaultListableBeanFactory.instantiateSingleton(DefaultListableBeanFactory.java:1228)
	at org.springframework.beans.factory.support.DefaultListableBeanFactory.preInstantiateSingleton(DefaultListableBeanFactory.java:1194)
	at org.springframework.beans.factory.support.DefaultListableBeanFactory.preInstantiateSingletons(DefaultListableBeanFactory.java:1130)
	at org.springframework.context.support.AbstractApplicationContext.finishBeanFactoryInitialization(AbstractApplicationContext.java:990)
	at org.springframework.context.support.AbstractApplicationContext.refresh(AbstractApplicationContext.java:627)
	at org.springframework.boot.web.servlet.context.ServletWebServerApplicationContext.refresh(ServletWebServerApplicationContext.java:146)
	at org.springframework.boot.SpringApplication.refresh(SpringApplication.java:752)
	at org.springframework.boot.SpringApplication.refreshContext(SpringApplication.java:439)
	at org.springframework.boot.SpringApplication.run(SpringApplication.java:318)
	at org.springframework.boot.SpringApplication.run(SpringApplication.java:1361)
	at org.springframework.boot.SpringApplication.run(SpringApplication.java:1350)
	at com.nian.yinianzhida.YinianzhidaApplication.main(YinianzhidaApplication.java:11)
Caused by: org.springframework.beans.BeanInstantiationException: Failed to instantiate [com.nian.yinianzhida.controller.AuthController]: Constructor threw exception
	at org.springframework.beans.BeanUtils.instantiateClass(BeanUtils.java:223)
	at org.springframework.beans.factory.support.SimpleInstantiationStrategy.instantiate(SimpleInstantiationStrategy.java:123)
	at org.springframework.beans.factory.support.AbstractAutowireCapableBeanFactory.instantiateBean(AbstractAutowireCapableBeanFactory.java:1351)
	... 19 common frames omitted
Caused by: java.lang.Error: Unresolved compilation problems: 
	Duplicate method sendEmailCode(Map<String,String>) in type AuthController
	Syntax error on token "}", { expected after this token
	response cannot be resolved
	response cannot be resolved
	response cannot be resolved to a variable
	type cannot be resolved to a variable
	email cannot be resolved to a variable
	Syntax error on token "catch", Identifier expected
	response cannot be resolved
	response cannot be resolved
	Syntax error on token "return", byte expected
	Syntax error on token "}", delete this token
	The method generateToken(Long, String, String) in the type JwtUtil is not applicable for the arguments (Long)
	The method generateRefreshToken(Long) is undefined for the type JwtUtil
	The method getCreatedTime() is undefined for the type User
	Duplicate method sendEmailCode(Map<String,String>) in type AuthController
	The method generateToken(Long, String, String) in the type JwtUtil is not applicable for the arguments (Long)
	The method generateRefreshToken(Long) is undefined for the type JwtUtil
	The method generateToken(Long, String, String) in the type JwtUtil is not applicable for the arguments (Long)
	The method generateRefreshToken(Long) is undefined for the type JwtUtil

	at com.nian.yinianzhida.controller.AuthController.<init>(AuthController.java:45)
	at java.base/jdk.internal.reflect.DirectConstructorHandleAccessor.newInstance(DirectConstructorHandleAccessor.java:62)
	at java.base/java.lang.reflect.Constructor.newInstanceWithCaller(Constructor.java:499)
	at java.base/java.lang.reflect.Constructor.newInstance(Constructor.java:483)
	at org.springframework.beans.BeanUtils.instantiateClass(BeanUtils.java:197)
	... 21 common frames omitted
2025-11-16 10:54:43.782 [main] INFO  com.nian.yinianzhida.YinianzhidaApplication - Starting YinianzhidaApplication using Java 25.0.1 with PID 29892 (D:\HuaweiMoveData\Users\kings\Desktop\.job\Back\target\classes started by kings in D:\HuaweiMoveData\Users\kings\Desktop\.job\Back)
2025-11-16 10:54:43.783 [main] DEBUG com.nian.yinianzhida.YinianzhidaApplication - Running with Spring Boot v3.5.7, Spring v6.2.12
2025-11-16 10:54:43.783 [main] INFO  com.nian.yinianzhida.YinianzhidaApplication - The following 1 profile is active: "dev"
2025-11-16 10:54:44.536 [main] INFO  o.s.d.r.config.RepositoryConfigurationDelegate - Multiple Spring Data modules found, entering strict repository configuration mode
2025-11-16 10:54:44.539 [main] INFO  o.s.d.r.config.RepositoryConfigurationDelegate - Bootstrapping Spring Data Redis repositories in DEFAULT mode.
2025-11-16 10:54:44.558 [main] INFO  o.s.d.r.config.RepositoryConfigurationDelegate - Finished Spring Data repository scanning in 8 ms. Found 0 Redis repository interfaces.
2025-11-16 10:54:44.971 [main] INFO  o.s.boot.web.embedded.tomcat.TomcatWebServer - Tomcat initialized with port 8000 (http)
2025-11-16 10:54:44.984 [main] INFO  org.apache.catalina.core.StandardService - Starting service [Tomcat]
2025-11-16 10:54:44.985 [main] INFO  org.apache.catalina.core.StandardEngine - Starting Servlet engine: [Apache Tomcat/10.1.48]
2025-11-16 10:54:45.049 [main] INFO  o.a.c.core.ContainerBase.[Tomcat].[localhost].[/] - Initializing Spring embedded WebApplicationContext
2025-11-16 10:54:45.050 [main] INFO  o.s.b.w.s.c.ServletWebServerApplicationContext - Root WebApplicationContext: initialization completed in 1116 ms
2025-11-16 10:54:45.626 [main] WARN  o.s.b.w.s.c.AnnotationConfigServletWebServerApplicationContext - Exception encountered during context initialization - cancelling refresh attempt: org.springframework.beans.factory.BeanCreationException: Error creating bean with name 'authController' defined in file [D:\HuaweiMoveData\Users\kings\Desktop\.job\Back\target\classes\com\nian\yinianzhida\controller\AuthController.class]: Failed to instantiate [com.nian.yinianzhida.controller.AuthController]: Constructor threw exception
2025-11-16 10:54:45.629 [main] INFO  org.apache.catalina.core.StandardService - Stopping service [Tomcat]
2025-11-16 10:54:45.639 [main] INFO  o.s.b.a.logging.ConditionEvaluationReportLogger - 

Error starting ApplicationContext. To display the condition evaluation report re-run your application with 'debug' enabled.
2025-11-16 10:54:45.652 [main] ERROR org.springframework.boot.SpringApplication - Application run failed
org.springframework.beans.factory.BeanCreationException: Error creating bean with name 'authController' defined in file [D:\HuaweiMoveData\Users\kings\Desktop\.job\Back\target\classes\com\nian\yinianzhida\controller\AuthController.class]: Failed to instantiate [com.nian.yinianzhida.controller.AuthController]: Constructor threw exception
	at org.springframework.beans.factory.support.AbstractAutowireCapableBeanFactory.instantiateBean(AbstractAutowireCapableBeanFactory.java:1357)
	at org.springframework.beans.factory.support.AbstractAutowireCapableBeanFactory.createBeanInstance(AbstractAutowireCapableBeanFactory.java:1242)
	at org.springframework.beans.factory.support.AbstractAutowireCapableBeanFactory.doCreateBean(AbstractAutowireCapableBeanFactory.java:569)
	at org.springframework.beans.factory.support.AbstractAutowireCapableBeanFactory.createBean(AbstractAutowireCapableBeanFactory.java:529)
	at org.springframework.beans.factory.support.AbstractBeanFactory.lambda$doGetBean$0(AbstractBeanFactory.java:339)
	at org.springframework.beans.factory.support.DefaultSingletonBeanRegistry.getSingleton(DefaultSingletonBeanRegistry.java:373)
	at org.springframework.beans.factory.support.AbstractBeanFactory.doGetBean(AbstractBeanFactory.java:337)
	at org.springframework.beans.factory.support.AbstractBeanFactory.getBean(AbstractBeanFactory.java:202)
	at org.springframework.beans.factory.support.DefaultListableBeanFactory.instantiateSingleton(DefaultListableBeanFactory.java:1228)
	at org.springframework.beans.factory.support.DefaultListableBeanFactory.preInstantiateSingleton(DefaultListableBeanFactory.java:1194)
	at org.springframework.beans.factory.support.DefaultListableBeanFactory.preInstantiateSingletons(DefaultListableBeanFactory.java:1130)
	at org.springframework.context.support.AbstractApplicationContext.finishBeanFactoryInitialization(AbstractApplicationContext.java:990)
	at org.springframework.context.support.AbstractApplicationContext.refresh(AbstractApplicationContext.java:627)
	at org.springframework.boot.web.servlet.context.ServletWebServerApplicationContext.refresh(ServletWebServerApplicationContext.java:146)
	at org.springframework.boot.SpringApplication.refresh(SpringApplication.java:752)
	at org.springframework.boot.SpringApplication.refreshContext(SpringApplication.java:439)
	at org.springframework.boot.SpringApplication.run(SpringApplication.java:318)
	at org.springframework.boot.SpringApplication.run(SpringApplication.java:1361)
	at org.springframework.boot.SpringApplication.run(SpringApplication.java:1350)
	at com.nian.yinianzhida.YinianzhidaApplication.main(YinianzhidaApplication.java:11)
Caused by: org.springframework.beans.BeanInstantiationException: Failed to instantiate [com.nian.yinianzhida.controller.AuthController]: Constructor threw exception
	at org.springframework.beans.BeanUtils.instantiateClass(BeanUtils.java:223)
	at org.springframework.beans.factory.support.SimpleInstantiationStrategy.instantiate(SimpleInstantiationStrategy.java:123)
	at org.springframework.beans.factory.support.AbstractAutowireCapableBeanFactory.instantiateBean(AbstractAutowireCapableBeanFactory.java:1351)
	... 19 common frames omitted
Caused by: java.lang.Error: Unresolved compilation problems: 
	Duplicate method sendEmailCode(Map<String,String>) in type AuthController
	Syntax error on token "}", { expected after this token
	response cannot be resolved
	response cannot be resolved
	response cannot be resolved to a variable
	type cannot be resolved to a variable
	email cannot be resolved to a variable
	Syntax error on token "catch", Identifier expected
	response cannot be resolved
	response cannot be resolved
	Syntax error on token "return", byte expected
	Syntax error on token "}", delete this token
	The method generateToken(Long, String, String) in the type JwtUtil is not applicable for the arguments (Long)
	The method generateRefreshToken(Long) is undefined for the type JwtUtil
	The method getCreatedTime() is undefined for the type User
	Duplicate method sendEmailCode(Map<String,String>) in type AuthController
	The method generateToken(Long, String, String) in the type JwtUtil is not applicable for the arguments (Long)
	The method generateRefreshToken(Long) is undefined for the type JwtUtil
	The method generateToken(Long, String, String) in the type JwtUtil is not applicable for the arguments (Long)
	The method generateRefreshToken(Long) is undefined for the type JwtUtil

	at com.nian.yinianzhida.controller.AuthController.<init>(AuthController.java:45)
	at java.base/jdk.internal.reflect.DirectConstructorHandleAccessor.newInstance(DirectConstructorHandleAccessor.java:62)
	at java.base/java.lang.reflect.Constructor.newInstanceWithCaller(Constructor.java:499)
	at java.base/java.lang.reflect.Constructor.newInstance(Constructor.java:483)
	at org.springframework.beans.BeanUtils.instantiateClass(BeanUtils.java:197)
	... 21 common frames omitted
2025-11-16 10:58:10.868 [main] INFO  com.nian.yinianzhida.YinianzhidaApplication - Starting YinianzhidaApplication using Java 25.0.1 with PID 20132 (D:\HuaweiMoveData\Users\kings\Desktop\.job\Back\target\classes started by kings in D:\HuaweiMoveData\Users\kings\Desktop\.job\Back)
2025-11-16 10:58:10.869 [main] DEBUG com.nian.yinianzhida.YinianzhidaApplication - Running with Spring Boot v3.5.7, Spring v6.2.12
2025-11-16 10:58:10.870 [main] INFO  com.nian.yinianzhida.YinianzhidaApplication - The following 1 profile is active: "dev"
2025-11-16 10:58:11.632 [main] INFO  o.s.d.r.config.RepositoryConfigurationDelegate - Multiple Spring Data modules found, entering strict repository configuration mode
2025-11-16 10:58:11.634 [main] INFO  o.s.d.r.config.RepositoryConfigurationDelegate - Bootstrapping Spring Data Redis repositories in DEFAULT mode.
2025-11-16 10:58:11.658 [main] INFO  o.s.d.r.config.RepositoryConfigurationDelegate - Finished Spring Data repository scanning in 10 ms. Found 0 Redis repository interfaces.
2025-11-16 10:58:12.060 [main] INFO  o.s.boot.web.embedded.tomcat.TomcatWebServer - Tomcat initialized with port 8000 (http)
2025-11-16 10:58:12.077 [main] INFO  org.apache.catalina.core.StandardService - Starting service [Tomcat]
2025-11-16 10:58:12.078 [main] INFO  org.apache.catalina.core.StandardEngine - Starting Servlet engine: [Apache Tomcat/10.1.48]
2025-11-16 10:58:12.161 [main] INFO  o.a.c.core.ContainerBase.[Tomcat].[localhost].[/] - Initializing Spring embedded WebApplicationContext
2025-11-16 10:58:12.162 [main] INFO  o.s.b.w.s.c.ServletWebServerApplicationContext - Root WebApplicationContext: initialization completed in 1144 ms
2025-11-16 10:58:12.754 [main] WARN  o.s.b.w.s.c.AnnotationConfigServletWebServerApplicationContext - Exception encountered during context initialization - cancelling refresh attempt: org.springframework.beans.factory.BeanCreationException: Error creating bean with name 'authController' defined in file [D:\HuaweiMoveData\Users\kings\Desktop\.job\Back\target\classes\com\nian\yinianzhida\controller\AuthController.class]: Failed to instantiate [com.nian.yinianzhida.controller.AuthController]: Constructor threw exception
2025-11-16 10:58:12.757 [main] INFO  org.apache.catalina.core.StandardService - Stopping service [Tomcat]
2025-11-16 10:58:12.766 [main] INFO  o.s.b.a.logging.ConditionEvaluationReportLogger - 

Error starting ApplicationContext. To display the condition evaluation report re-run your application with 'debug' enabled.
2025-11-16 10:58:12.781 [main] ERROR org.springframework.boot.SpringApplication - Application run failed
org.springframework.beans.factory.BeanCreationException: Error creating bean with name 'authController' defined in file [D:\HuaweiMoveData\Users\kings\Desktop\.job\Back\target\classes\com\nian\yinianzhida\controller\AuthController.class]: Failed to instantiate [com.nian.yinianzhida.controller.AuthController]: Constructor threw exception
	at org.springframework.beans.factory.support.AbstractAutowireCapableBeanFactory.instantiateBean(AbstractAutowireCapableBeanFactory.java:1357)
	at org.springframework.beans.factory.support.AbstractAutowireCapableBeanFactory.createBeanInstance(AbstractAutowireCapableBeanFactory.java:1242)
	at org.springframework.beans.factory.support.AbstractAutowireCapableBeanFactory.doCreateBean(AbstractAutowireCapableBeanFactory.java:569)
	at org.springframework.beans.factory.support.AbstractAutowireCapableBeanFactory.createBean(AbstractAutowireCapableBeanFactory.java:529)
	at org.springframework.beans.factory.support.AbstractBeanFactory.lambda$doGetBean$0(AbstractBeanFactory.java:339)
	at org.springframework.beans.factory.support.DefaultSingletonBeanRegistry.getSingleton(DefaultSingletonBeanRegistry.java:373)
	at org.springframework.beans.factory.support.AbstractBeanFactory.doGetBean(AbstractBeanFactory.java:337)
	at org.springframework.beans.factory.support.AbstractBeanFactory.getBean(AbstractBeanFactory.java:202)
	at org.springframework.beans.factory.support.DefaultListableBeanFactory.instantiateSingleton(DefaultListableBeanFactory.java:1228)
	at org.springframework.beans.factory.support.DefaultListableBeanFactory.preInstantiateSingleton(DefaultListableBeanFactory.java:1194)
	at org.springframework.beans.factory.support.DefaultListableBeanFactory.preInstantiateSingletons(DefaultListableBeanFactory.java:1130)
	at org.springframework.context.support.AbstractApplicationContext.finishBeanFactoryInitialization(AbstractApplicationContext.java:990)
	at org.springframework.context.support.AbstractApplicationContext.refresh(AbstractApplicationContext.java:627)
	at org.springframework.boot.web.servlet.context.ServletWebServerApplicationContext.refresh(ServletWebServerApplicationContext.java:146)
	at org.springframework.boot.SpringApplication.refresh(SpringApplication.java:752)
	at org.springframework.boot.SpringApplication.refreshContext(SpringApplication.java:439)
	at org.springframework.boot.SpringApplication.run(SpringApplication.java:318)
	at org.springframework.boot.SpringApplication.run(SpringApplication.java:1361)
	at org.springframework.boot.SpringApplication.run(SpringApplication.java:1350)
	at com.nian.yinianzhida.YinianzhidaApplication.main(YinianzhidaApplication.java:11)
Caused by: org.springframework.beans.BeanInstantiationException: Failed to instantiate [com.nian.yinianzhida.controller.AuthController]: Constructor threw exception
	at org.springframework.beans.BeanUtils.instantiateClass(BeanUtils.java:223)
	at org.springframework.beans.factory.support.SimpleInstantiationStrategy.instantiate(SimpleInstantiationStrategy.java:123)
	at org.springframework.beans.factory.support.AbstractAutowireCapableBeanFactory.instantiateBean(AbstractAutowireCapableBeanFactory.java:1351)
	... 19 common frames omitted
Caused by: java.lang.Error: Unresolved compilation problems: 
	Duplicate method sendEmailCode(Map<String,String>) in type AuthController
	Syntax error on token "}", { expected after this token
	response cannot be resolved
	response cannot be resolved
	response cannot be resolved to a variable
	type cannot be resolved to a variable
	email cannot be resolved to a variable
	Syntax error on token "catch", Identifier expected
	response cannot be resolved
	response cannot be resolved
	Syntax error on token "return", byte expected
	Syntax error on token "}", delete this token
	The method generateToken(Long, String, String) in the type JwtUtil is not applicable for the arguments (Long)
	The method generateRefreshToken(Long) is undefined for the type JwtUtil
	The method getCreatedTime() is undefined for the type User
	Duplicate method sendEmailCode(Map<String,String>) in type AuthController
	The method generateToken(Long, String, String) in the type JwtUtil is not applicable for the arguments (Long)
	The method generateRefreshToken(Long) is undefined for the type JwtUtil
	The method generateToken(Long, String, String) in the type JwtUtil is not applicable for the arguments (Long)
	The method generateRefreshToken(Long) is undefined for the type JwtUtil

	at com.nian.yinianzhida.controller.AuthController.<init>(AuthController.java:45)
	at java.base/jdk.internal.reflect.DirectConstructorHandleAccessor.newInstance(DirectConstructorHandleAccessor.java:62)
	at java.base/java.lang.reflect.Constructor.newInstanceWithCaller(Constructor.java:499)
	at java.base/java.lang.reflect.Constructor.newInstance(Constructor.java:483)
	at org.springframework.beans.BeanUtils.instantiateClass(BeanUtils.java:197)
	... 21 common frames omitted
2025-11-16 11:05:25.401 [main] INFO  com.nian.yinianzhida.YinianzhidaApplication - Starting YinianzhidaApplication using Java 25.0.1 with PID 13264 (D:\HuaweiMoveData\Users\kings\Desktop\.job\Back\target\classes started by kings in D:\HuaweiMoveData\Users\kings\Desktop\.job\Back)
2025-11-16 11:05:25.405 [main] DEBUG com.nian.yinianzhida.YinianzhidaApplication - Running with Spring Boot v3.5.7, Spring v6.2.12
2025-11-16 11:05:25.406 [main] INFO  com.nian.yinianzhida.YinianzhidaApplication - The following 1 profile is active: "dev"
2025-11-16 11:05:26.642 [main] INFO  o.s.d.r.config.RepositoryConfigurationDelegate - Multiple Spring Data modules found, entering strict repository configuration mode
2025-11-16 11:05:26.645 [main] INFO  o.s.d.r.config.RepositoryConfigurationDelegate - Bootstrapping Spring Data Redis repositories in DEFAULT mode.
2025-11-16 11:05:26.674 [main] INFO  o.s.d.r.config.RepositoryConfigurationDelegate - Finished Spring Data repository scanning in 11 ms. Found 0 Redis repository interfaces.
2025-11-16 11:05:27.281 [main] INFO  o.s.boot.web.embedded.tomcat.TomcatWebServer - Tomcat initialized with port 8000 (http)
2025-11-16 11:05:27.298 [main] INFO  org.apache.catalina.core.StandardService - Starting service [Tomcat]
2025-11-16 11:05:27.298 [main] INFO  org.apache.catalina.core.StandardEngine - Starting Servlet engine: [Apache Tomcat/10.1.48]
2025-11-16 11:05:27.386 [main] INFO  o.a.c.core.ContainerBase.[Tomcat].[localhost].[/] - Initializing Spring embedded WebApplicationContext
2025-11-16 11:05:27.387 [main] INFO  o.s.b.w.s.c.ServletWebServerApplicationContext - Root WebApplicationContext: initialization completed in 1717 ms
2025-11-16 11:05:28.589 [main] INFO  o.s.b.f.a.AutowiredAnnotationBeanPostProcessor - Inconsistent constructor declaration on bean with name 'autoFillService': single autowire-marked constructor flagged as optional - this constructor is effectively required since there is no default constructor to fall back to: public com.nian.yinianzhida.service.AutoFillService(org.springframework.ai.chat.client.ChatClient$Builder,com.nian.yinianzhida.mapper.ResumeMapper,com.nian.yinianzhida.service.SessionCacheService)
2025-11-16 11:05:28.598 [main] INFO  o.s.b.f.a.AutowiredAnnotationBeanPostProcessor - Inconsistent constructor declaration on bean with name 'resumeService': single autowire-marked constructor flagged as optional - this constructor is effectively required since there is no default constructor to fall back to: public com.nian.yinianzhida.service.ResumeService(org.springframework.ai.chat.client.ChatClient$Builder,com.nian.yinianzhida.mapper.ResumeMapper)
2025-11-16 11:05:28.956 [main] INFO  o.s.v.beanvalidation.OptionalValidatorFactoryBean - Failed to set up a Bean Validation provider: jakarta.validation.NoProviderFoundException: Unable to create a Configuration, because no Jakarta Bean Validation provider could be found. Add a provider like Hibernate Validator (RI) to your classpath.
2025-11-16 11:05:29.061 [main] DEBUG o.s.w.s.m.m.a.RequestMappingHandlerMapping - 79 mappings in 'requestMappingHandlerMapping'
2025-11-16 11:05:29.095 [main] DEBUG o.s.web.servlet.handler.SimpleUrlHandlerMapping - Patterns [/webjars/**, /**, /uploads/**, /swagger-ui*/*swagger-initializer.js, /swagger-ui*/**] in 'resourceHandlerMapping'
2025-11-16 11:05:29.124 [main] DEBUG o.s.w.s.m.m.a.RequestMappingHandlerAdapter - ControllerAdvice beans: 0 @ModelAttribute, 0 @InitBinder, 1 RequestBodyAdvice, 1 ResponseBodyAdvice
2025-11-16 11:05:29.192 [main] DEBUG o.s.w.s.m.m.a.ExceptionHandlerExceptionResolver - ControllerAdvice beans: 1 @ExceptionHandler, 1 ResponseBodyAdvice
2025-11-16 11:05:29.463 [main] INFO  o.s.boot.web.embedded.tomcat.TomcatWebServer - Tomcat started on port 8000 (http) with context path '/'
2025-11-16 11:05:29.473 [main] INFO  com.nian.yinianzhida.YinianzhidaApplication - Started YinianzhidaApplication in 4.751 seconds (process running for 5.412)
2025-11-16 11:08:53.106 [SpringApplicationShutdownHook] INFO  o.s.boot.web.embedded.tomcat.GracefulShutdown - Commencing graceful shutdown. Waiting for active requests to complete
2025-11-16 11:08:53.131 [tomcat-shutdown] INFO  o.s.boot.web.embedded.tomcat.GracefulShutdown - Graceful shutdown complete
2025-11-16 11:09:02.618 [main] INFO  com.nian.yinianzhida.YinianzhidaApplication - Starting YinianzhidaApplication using Java 25.0.1 with PID 15248 (D:\HuaweiMoveData\Users\kings\Desktop\.job\Back\target\classes started by kings in D:\HuaweiMoveData\Users\kings\Desktop\.job\Back)
2025-11-16 11:09:02.619 [main] DEBUG com.nian.yinianzhida.YinianzhidaApplication - Running with Spring Boot v3.5.7, Spring v6.2.12
2025-11-16 11:09:02.620 [main] INFO  com.nian.yinianzhida.YinianzhidaApplication - The following 1 profile is active: "dev"
2025-11-16 11:09:03.404 [main] INFO  o.s.d.r.config.RepositoryConfigurationDelegate - Multiple Spring Data modules found, entering strict repository configuration mode
2025-11-16 11:09:03.406 [main] INFO  o.s.d.r.config.RepositoryConfigurationDelegate - Bootstrapping Spring Data Redis repositories in DEFAULT mode.
2025-11-16 11:09:03.426 [main] INFO  o.s.d.r.config.RepositoryConfigurationDelegate - Finished Spring Data repository scanning in 9 ms. Found 0 Redis repository interfaces.
2025-11-16 11:09:03.817 [main] INFO  o.s.boot.web.embedded.tomcat.TomcatWebServer - Tomcat initialized with port 8080 (http)
2025-11-16 11:09:03.832 [main] INFO  org.apache.catalina.core.StandardService - Starting service [Tomcat]
2025-11-16 11:09:03.833 [main] INFO  org.apache.catalina.core.StandardEngine - Starting Servlet engine: [Apache Tomcat/10.1.48]
2025-11-16 11:09:03.905 [main] INFO  o.a.c.core.ContainerBase.[Tomcat].[localhost].[/] - Initializing Spring embedded WebApplicationContext
2025-11-16 11:09:03.906 [main] INFO  o.s.b.w.s.c.ServletWebServerApplicationContext - Root WebApplicationContext: initialization completed in 1127 ms
2025-11-16 11:09:04.645 [main] INFO  o.s.b.f.a.AutowiredAnnotationBeanPostProcessor - Inconsistent constructor declaration on bean with name 'autoFillService': single autowire-marked constructor flagged as optional - this constructor is effectively required since there is no default constructor to fall back to: public com.nian.yinianzhida.service.AutoFillService(org.springframework.ai.chat.client.ChatClient$Builder,com.nian.yinianzhida.mapper.ResumeMapper,com.nian.yinianzhida.service.SessionCacheService)
2025-11-16 11:09:04.652 [main] INFO  o.s.b.f.a.AutowiredAnnotationBeanPostProcessor - Inconsistent constructor declaration on bean with name 'resumeService': single autowire-marked constructor flagged as optional - this constructor is effectively required since there is no default constructor to fall back to: public com.nian.yinianzhida.service.ResumeService(org.springframework.ai.chat.client.ChatClient$Builder,com.nian.yinianzhida.mapper.ResumeMapper)
2025-11-16 11:09:04.857 [main] INFO  o.s.v.beanvalidation.OptionalValidatorFactoryBean - Failed to set up a Bean Validation provider: jakarta.validation.NoProviderFoundException: Unable to create a Configuration, because no Jakarta Bean Validation provider could be found. Add a provider like Hibernate Validator (RI) to your classpath.
2025-11-16 11:09:04.957 [main] DEBUG o.s.w.s.m.m.a.RequestMappingHandlerMapping - 79 mappings in 'requestMappingHandlerMapping'
2025-11-16 11:09:04.979 [main] DEBUG o.s.web.servlet.handler.SimpleUrlHandlerMapping - Patterns [/webjars/**, /**, /uploads/**, /swagger-ui*/*swagger-initializer.js, /swagger-ui*/**] in 'resourceHandlerMapping'
2025-11-16 11:09:04.995 [main] DEBUG o.s.w.s.m.m.a.RequestMappingHandlerAdapter - ControllerAdvice beans: 0 @ModelAttribute, 0 @InitBinder, 1 RequestBodyAdvice, 1 ResponseBodyAdvice
2025-11-16 11:09:05.035 [main] DEBUG o.s.w.s.m.m.a.ExceptionHandlerExceptionResolver - ControllerAdvice beans: 1 @ExceptionHandler, 1 ResponseBodyAdvice
2025-11-16 11:09:05.217 [main] INFO  o.s.boot.web.embedded.tomcat.TomcatWebServer - Tomcat started on port 8080 (http) with context path '/'
2025-11-16 11:09:05.223 [main] INFO  com.nian.yinianzhida.YinianzhidaApplication - Started YinianzhidaApplication in 2.986 seconds (process running for 3.301)
2025-11-16 11:09:07.241 [http-nio-8080-exec-1] INFO  o.a.c.core.ContainerBase.[Tomcat].[localhost].[/] - Initializing Spring DispatcherServlet 'dispatcherServlet'
2025-11-16 11:09:07.242 [http-nio-8080-exec-1] INFO  org.springframework.web.servlet.DispatcherServlet - Initializing Servlet 'dispatcherServlet'
2025-11-16 11:09:07.242 [http-nio-8080-exec-1] DEBUG org.springframework.web.servlet.DispatcherServlet - Detected StandardServletMultipartResolver
2025-11-16 11:09:07.243 [http-nio-8080-exec-1] DEBUG org.springframework.web.servlet.DispatcherServlet - Detected AcceptHeaderLocaleResolver
2025-11-16 11:09:07.243 [http-nio-8080-exec-1] DEBUG org.springframework.web.servlet.DispatcherServlet - Detected FixedThemeResolver
2025-11-16 11:09:07.244 [http-nio-8080-exec-1] DEBUG org.springframework.web.servlet.DispatcherServlet - Detected org.springframework.web.servlet.view.DefaultRequestToViewNameTranslator@5e722ba6
2025-11-16 11:09:07.245 [http-nio-8080-exec-1] DEBUG org.springframework.web.servlet.DispatcherServlet - Detected org.springframework.web.servlet.support.SessionFlashMapManager@3440bc8e
2025-11-16 11:09:07.246 [http-nio-8080-exec-1] DEBUG org.springframework.web.servlet.DispatcherServlet - enableLoggingRequestDetails='false': request parameters and headers will be masked to prevent unsafe logging of potentially sensitive data
2025-11-16 11:09:07.246 [http-nio-8080-exec-1] INFO  org.springframework.web.servlet.DispatcherServlet - Completed initialization in 4 ms
2025-11-16 11:09:07.260 [http-nio-8080-exec-1] DEBUG org.springframework.web.servlet.DispatcherServlet - GET "/swagger-ui.html", parameters={}
2025-11-16 11:09:07.273 [http-nio-8080-exec-1] DEBUG o.s.w.s.m.m.a.RequestMappingHandlerMapping - Mapped to org.springdoc.webmvc.ui.SwaggerWelcomeWebMvc#redirectToUi(HttpServletRequest)
2025-11-16 11:09:07.324 [http-nio-8080-exec-1] DEBUG o.s.w.s.m.m.annotation.HttpEntityMethodProcessor - Using 'application/json;q=0.8', given [text/html, application/xhtml+xml, image/avif, image/webp, image/apng, application/xml;q=0.9, */*;q=0.8, application/signed-exchange;v=b3;q=0.7] and supported [application/json, application/*+json, application/yaml]
2025-11-16 11:09:07.326 [http-nio-8080-exec-1] DEBUG o.s.w.s.m.m.annotation.HttpEntityMethodProcessor - Nothing to write: null body
2025-11-16 11:09:07.327 [http-nio-8080-exec-1] DEBUG org.springframework.web.servlet.DispatcherServlet - Completed 302 FOUND
2025-11-16 11:09:07.334 [http-nio-8080-exec-2] DEBUG org.springframework.web.servlet.DispatcherServlet - GET "/swagger-ui/index.html", parameters={}
2025-11-16 11:09:07.339 [http-nio-8080-exec-2] DEBUG o.s.web.servlet.handler.SimpleUrlHandlerMapping - Mapped to ResourceHttpRequestHandler [classpath [META-INF/resources/webjars/]]
2025-11-16 11:09:07.345 [http-nio-8080-exec-2] DEBUG org.springframework.web.servlet.DispatcherServlet - Completed 200 OK
2025-11-16 11:09:07.393 [http-nio-8080-exec-6] DEBUG org.springframework.web.servlet.DispatcherServlet - GET "/swagger-ui/swagger-ui.css", parameters={}
2025-11-16 11:09:07.395 [http-nio-8080-exec-7] DEBUG org.springframework.web.servlet.DispatcherServlet - GET "/swagger-ui/index.css", parameters={}
2025-11-16 11:09:07.396 [http-nio-8080-exec-6] DEBUG o.s.web.servlet.handler.SimpleUrlHandlerMapping - Mapped to ResourceHttpRequestHandler [classpath [META-INF/resources/webjars/]]
2025-11-16 11:09:07.397 [http-nio-8080-exec-7] DEBUG o.s.web.servlet.handler.SimpleUrlHandlerMapping - Mapped to ResourceHttpRequestHandler [classpath [META-INF/resources/webjars/]]
2025-11-16 11:09:07.398 [http-nio-8080-exec-5] DEBUG org.springframework.web.servlet.DispatcherServlet - GET "/swagger-ui/swagger-initializer.js", parameters={}
2025-11-16 11:09:07.398 [http-nio-8080-exec-8] DEBUG org.springframework.web.servlet.DispatcherServlet - GET "/swagger-ui/swagger-ui-standalone-preset.js", parameters={}
2025-11-16 11:09:07.398 [http-nio-8080-exec-3] DEBUG org.springframework.web.servlet.DispatcherServlet - GET "/swagger-ui/swagger-ui-bundle.js", parameters={}
2025-11-16 11:09:07.399 [http-nio-8080-exec-5] DEBUG o.s.web.servlet.handler.SimpleUrlHandlerMapping - Mapped to ResourceHttpRequestHandler [classpath [META-INF/resources/webjars/]]
2025-11-16 11:09:07.399 [http-nio-8080-exec-8] DEBUG o.s.web.servlet.handler.SimpleUrlHandlerMapping - Mapped to ResourceHttpRequestHandler [classpath [META-INF/resources/webjars/]]
2025-11-16 11:09:07.400 [http-nio-8080-exec-3] DEBUG o.s.web.servlet.handler.SimpleUrlHandlerMapping - Mapped to ResourceHttpRequestHandler [classpath [META-INF/resources/webjars/]]
2025-11-16 11:09:07.400 [http-nio-8080-exec-7] DEBUG org.springframework.web.servlet.DispatcherServlet - Completed 200 OK
2025-11-16 11:09:07.410 [http-nio-8080-exec-6] DEBUG org.springframework.web.servlet.DispatcherServlet - Completed 200 OK
2025-11-16 11:09:07.410 [http-nio-8080-exec-8] DEBUG org.springframework.web.servlet.DispatcherServlet - Completed 200 OK
2025-11-16 11:09:07.423 [http-nio-8080-exec-3] DEBUG org.springframework.web.servlet.DispatcherServlet - Completed 200 OK
2025-11-16 11:09:07.443 [http-nio-8080-exec-5] DEBUG org.springframework.web.servlet.DispatcherServlet - Completed 200 OK
2025-11-16 11:09:07.631 [http-nio-8080-exec-9] DEBUG org.springframework.web.servlet.DispatcherServlet - GET "/v3/api-docs/swagger-config", parameters={}
2025-11-16 11:09:07.632 [http-nio-8080-exec-9] DEBUG o.s.w.s.m.m.a.RequestMappingHandlerMapping - Mapped to org.springdoc.webmvc.ui.SwaggerConfigResource#openapiJson(HttpServletRequest)
2025-11-16 11:09:07.634 [http-nio-8080-exec-9] DEBUG o.s.w.s.m.m.a.RequestResponseBodyMethodProcessor - Using 'application/json', given [*/*] and supported [application/json]
2025-11-16 11:09:07.636 [http-nio-8080-exec-9] DEBUG o.s.w.s.m.m.a.RequestResponseBodyMethodProcessor - Writing [{configUrl=/v3/api-docs/swagger-config, oauth2RedirectUrl=http://localhost:8080/swagger-ui/oauth2-re (truncated)...]
2025-11-16 11:09:07.643 [http-nio-8080-exec-9] DEBUG org.springframework.web.servlet.DispatcherServlet - Completed 200 OK
2025-11-16 11:09:07.679 [http-nio-8080-exec-4] DEBUG org.springframework.web.servlet.DispatcherServlet - GET "/v3/api-docs", parameters={}
2025-11-16 11:09:07.680 [http-nio-8080-exec-4] DEBUG o.s.w.s.m.m.a.RequestMappingHandlerMapping - Mapped to org.springdoc.webmvc.api.OpenApiWebMvcResource#openapiJson(HttpServletRequest, String, Locale)
2025-11-16 11:09:08.022 [http-nio-8080-exec-4] INFO  org.springdoc.api.AbstractOpenApiResource - Init duration for springdoc-openapi is: 329 ms
2025-11-16 11:09:08.050 [http-nio-8080-exec-4] DEBUG o.s.w.s.m.m.a.RequestResponseBodyMethodProcessor - Using 'application/json', given [application/json, */*] and supported [application/json]
2025-11-16 11:09:08.053 [http-nio-8080-exec-4] DEBUG o.s.w.s.m.m.a.RequestResponseBodyMethodProcessor - Writing [{123, 34, 111, 112, 101, 110, 97, 112, 105, 34, 58, 34, 51, 46, 48, 46, 49, 34, 44, 34, 105, 110, 10 (truncated)...]
2025-11-16 11:09:08.055 [http-nio-8080-exec-4] DEBUG org.springframework.web.servlet.DispatcherServlet - Completed 200 OK
2025-11-16 11:12:08.377 [http-nio-8080-exec-6] DEBUG org.springframework.web.servlet.DispatcherServlet - OPTIONS "/api/autofill/analyze-page", parameters={}
2025-11-16 11:12:08.378 [http-nio-8080-exec-6] DEBUG o.s.w.s.m.m.a.RequestMappingHandlerMapping - Mapped to com.nian.yinianzhida.controller.AutoFillController#analyzePage(Map)
2025-11-16 11:12:08.380 [http-nio-8080-exec-6] DEBUG org.springframework.web.servlet.DispatcherServlet - Completed 200 OK
2025-11-16 11:12:08.384 [http-nio-8080-exec-3] DEBUG org.springframework.web.servlet.DispatcherServlet - POST "/api/autofill/analyze-page", parameters={}
2025-11-16 11:12:08.384 [http-nio-8080-exec-3] DEBUG o.s.w.s.m.m.a.RequestMappingHandlerMapping - Mapped to com.nian.yinianzhida.controller.AutoFillController#analyzePage(Map)
2025-11-16 11:12:08.479 [http-nio-8080-exec-3] DEBUG org.springframework.web.servlet.DispatcherServlet - Completed 401 UNAUTHORIZED
2025-11-16 11:12:09.499 [http-nio-8080-exec-5] DEBUG org.springframework.web.servlet.DispatcherServlet - POST "/api/autofill/analyze-page", parameters={}
2025-11-16 11:12:09.500 [http-nio-8080-exec-5] DEBUG o.s.w.s.m.m.a.RequestMappingHandlerMapping - Mapped to com.nian.yinianzhida.controller.AutoFillController#analyzePage(Map)
2025-11-16 11:12:09.501 [http-nio-8080-exec-5] DEBUG org.springframework.web.servlet.DispatcherServlet - Completed 401 UNAUTHORIZED
2025-11-16 11:14:08.684 [http-nio-8080-exec-9] DEBUG org.springframework.web.servlet.DispatcherServlet - POST "/api/auth/email/send-code", parameters={}
2025-11-16 11:14:08.685 [http-nio-8080-exec-9] DEBUG o.s.web.servlet.handler.SimpleUrlHandlerMapping - Mapped to ResourceHttpRequestHandler [classpath [META-INF/resources/], classpath [resources/], classpath [static/], classpath [public/], ServletContext [/]]
2025-11-16 11:14:08.689 [http-nio-8080-exec-9] DEBUG o.s.w.servlet.resource.ResourceHttpRequestHandler - Resource not found
2025-11-16 11:14:08.693 [http-nio-8080-exec-9] DEBUG o.s.w.s.m.support.DefaultHandlerExceptionResolver - Resolved [org.springframework.web.servlet.resource.NoResourceFoundException: No static resource api/auth/email/send-code.]
2025-11-16 11:14:08.694 [http-nio-8080-exec-9] DEBUG org.springframework.web.servlet.DispatcherServlet - Completed 404 NOT_FOUND
2025-11-16 11:14:08.708 [http-nio-8080-exec-9] DEBUG org.springframework.web.servlet.DispatcherServlet - "ERROR" dispatch for POST "/error", parameters={}
2025-11-16 11:14:08.710 [http-nio-8080-exec-9] DEBUG o.s.w.s.m.m.a.RequestMappingHandlerMapping - Mapped to org.springframework.boot.autoconfigure.web.servlet.error.BasicErrorController#error(HttpServletRequest)
2025-11-16 11:14:08.712 [http-nio-8080-exec-9] DEBUG org.springframework.web.servlet.DispatcherServlet - Exiting from "ERROR" dispatch, status 401
2025-11-16 11:14:48.141 [http-nio-8080-exec-4] DEBUG org.springframework.web.servlet.DispatcherServlet - POST "/api/auth/email/send-code", parameters={}
2025-11-16 11:14:48.142 [http-nio-8080-exec-4] DEBUG o.s.web.servlet.handler.SimpleUrlHandlerMapping - Mapped to ResourceHttpRequestHandler [classpath [META-INF/resources/], classpath [resources/], classpath [static/], classpath [public/], ServletContext [/]]
2025-11-16 11:14:48.146 [http-nio-8080-exec-4] DEBUG o.s.w.servlet.resource.ResourceHttpRequestHandler - Resource not found
2025-11-16 11:14:48.146 [http-nio-8080-exec-4] DEBUG o.s.w.s.m.support.DefaultHandlerExceptionResolver - Resolved [org.springframework.web.servlet.resource.NoResourceFoundException: No static resource api/auth/email/send-code.]
2025-11-16 11:14:48.147 [http-nio-8080-exec-4] DEBUG org.springframework.web.servlet.DispatcherServlet - Completed 404 NOT_FOUND
2025-11-16 11:14:48.148 [http-nio-8080-exec-4] DEBUG org.springframework.web.servlet.DispatcherServlet - "ERROR" dispatch for POST "/error", parameters={}
2025-11-16 11:14:48.148 [http-nio-8080-exec-4] DEBUG o.s.w.s.m.m.a.RequestMappingHandlerMapping - Mapped to org.springframework.boot.autoconfigure.web.servlet.error.BasicErrorController#error(HttpServletRequest)
2025-11-16 11:14:48.149 [http-nio-8080-exec-4] DEBUG org.springframework.web.servlet.DispatcherServlet - Exiting from "ERROR" dispatch, status 401
2025-11-16 11:16:15.061 [http-nio-8080-exec-7] DEBUG org.springframework.web.servlet.DispatcherServlet - POST "/api/auth/email/login-code", parameters={}
2025-11-16 11:16:15.062 [http-nio-8080-exec-7] DEBUG o.s.web.servlet.handler.SimpleUrlHandlerMapping - Mapped to ResourceHttpRequestHandler [classpath [META-INF/resources/], classpath [resources/], classpath [static/], classpath [public/], ServletContext [/]]
2025-11-16 11:16:15.064 [http-nio-8080-exec-7] DEBUG o.s.w.servlet.resource.ResourceHttpRequestHandler - Resource not found
2025-11-16 11:16:15.064 [http-nio-8080-exec-7] DEBUG o.s.w.s.m.support.DefaultHandlerExceptionResolver - Resolved [org.springframework.web.servlet.resource.NoResourceFoundException: No static resource api/auth/email/login-code.]
2025-11-16 11:16:15.064 [http-nio-8080-exec-7] DEBUG org.springframework.web.servlet.DispatcherServlet - Completed 404 NOT_FOUND
2025-11-16 11:16:15.065 [http-nio-8080-exec-7] DEBUG org.springframework.web.servlet.DispatcherServlet - "ERROR" dispatch for POST "/error", parameters={}
2025-11-16 11:16:15.065 [http-nio-8080-exec-7] DEBUG o.s.w.s.m.m.a.RequestMappingHandlerMapping - Mapped to org.springframework.boot.autoconfigure.web.servlet.error.BasicErrorController#error(HttpServletRequest)
2025-11-16 11:16:15.065 [http-nio-8080-exec-7] DEBUG org.springframework.web.servlet.DispatcherServlet - Exiting from "ERROR" dispatch, status 401
2025-11-16 11:16:25.462 [http-nio-8080-exec-10] DEBUG org.springframework.web.servlet.DispatcherServlet - POST "/api/autofill/analyze-page", parameters={}
2025-11-16 11:16:25.463 [http-nio-8080-exec-10] DEBUG o.s.w.s.m.m.a.RequestMappingHandlerMapping - Mapped to com.nian.yinianzhida.controller.AutoFillController#analyzePage(Map)
2025-11-16 11:16:25.464 [http-nio-8080-exec-10] DEBUG org.springframework.web.servlet.DispatcherServlet - Completed 401 UNAUTHORIZED
2025-11-16 12:53:49.966 [http-nio-8080-exec-6] INFO  org.apache.coyote.http11.Http11Processor - Error parsing HTTP request header
 Note: further occurrences of HTTP request parsing errors will be logged at DEBUG level.
java.lang.IllegalArgumentException: Invalid character found in method name [0x160x030x010x060xa60x010x000x060xa20x030x030x840x9c0x105S0xdb0xd90xbf0xa0P0x1f>0xb10x870xe60xfa0x0b0x9a0x120xb4J0xadQ0x8cC0x02xN;9A0x8c ]. HTTP method names must be tokens
	at org.apache.coyote.http11.Http11InputBuffer.parseRequestLine(Http11InputBuffer.java:402)
	at org.apache.coyote.http11.Http11Processor.service(Http11Processor.java:272)
	at org.apache.coyote.AbstractProcessorLight.process(AbstractProcessorLight.java:63)
	at org.apache.coyote.AbstractProtocol$ConnectionHandler.process(AbstractProtocol.java:903)
	at org.apache.tomcat.util.net.NioEndpoint$SocketProcessor.doRun(NioEndpoint.java:1774)
	at org.apache.tomcat.util.net.SocketProcessorBase.run(SocketProcessorBase.java:52)
	at org.apache.tomcat.util.threads.ThreadPoolExecutor.runWorker(ThreadPoolExecutor.java:973)
	at org.apache.tomcat.util.threads.ThreadPoolExecutor$Worker.run(ThreadPoolExecutor.java:491)
	at org.apache.tomcat.util.threads.TaskThread$WrappingRunnable.run(TaskThread.java:63)
	at java.base/java.lang.Thread.run(Thread.java:1474)
2025-11-16 15:24:02.298 [http-nio-8080-exec-4] DEBUG org.springframework.web.servlet.DispatcherServlet - OPTIONS "/api/autofill/analyze-page", parameters={}
2025-11-16 15:24:02.352 [http-nio-8080-exec-4] DEBUG o.s.w.s.m.m.a.RequestMappingHandlerMapping - Mapped to com.nian.yinianzhida.controller.AutoFillController#analyzePage(Map)
2025-11-16 15:24:02.386 [http-nio-8080-exec-4] DEBUG org.springframework.web.servlet.DispatcherServlet - Completed 200 OK
2025-11-16 15:24:02.412 [http-nio-8080-exec-1] DEBUG org.springframework.web.servlet.DispatcherServlet - POST "/api/autofill/analyze-page", parameters={}
2025-11-16 15:24:02.414 [http-nio-8080-exec-1] DEBUG o.s.w.s.m.m.a.RequestMappingHandlerMapping - Mapped to com.nian.yinianzhida.controller.AutoFillController#analyzePage(Map)
2025-11-16 15:24:02.463 [http-nio-8080-exec-1] DEBUG org.springframework.web.servlet.DispatcherServlet - Completed 401 UNAUTHORIZED
2025-11-16 15:24:03.488 [http-nio-8080-exec-7] DEBUG org.springframework.web.servlet.DispatcherServlet - POST "/api/autofill/analyze-page", parameters={}
2025-11-16 15:24:03.489 [http-nio-8080-exec-7] DEBUG o.s.w.s.m.m.a.RequestMappingHandlerMapping - Mapped to com.nian.yinianzhida.controller.AutoFillController#analyzePage(Map)
2025-11-16 15:24:03.492 [http-nio-8080-exec-7] DEBUG org.springframework.web.servlet.DispatcherServlet - Completed 401 UNAUTHORIZED
2025-11-16 15:41:43.397 [http-nio-8080-exec-10] DEBUG org.springframework.web.servlet.DispatcherServlet - POST "/api/autofill/analyze-page", parameters={}
2025-11-16 15:41:43.400 [http-nio-8080-exec-10] DEBUG o.s.w.s.m.m.a.RequestMappingHandlerMapping - Mapped to com.nian.yinianzhida.controller.AutoFillController#analyzePage(Map)
2025-11-16 15:41:43.404 [http-nio-8080-exec-10] DEBUG org.springframework.web.servlet.DispatcherServlet - Completed 401 UNAUTHORIZED
2025-11-16 15:42:16.610 [http-nio-8080-exec-2] DEBUG org.springframework.web.servlet.DispatcherServlet - POST "/api/auth/email/login-code", parameters={}
2025-11-16 15:42:16.657 [http-nio-8080-exec-2] DEBUG o.s.web.servlet.handler.SimpleUrlHandlerMapping - Mapped to ResourceHttpRequestHandler [classpath [META-INF/resources/], classpath [resources/], classpath [static/], classpath [public/], ServletContext [/]]
2025-11-16 15:42:16.715 [http-nio-8080-exec-2] DEBUG o.s.w.servlet.resource.ResourceHttpRequestHandler - Resource not found
2025-11-16 15:42:16.743 [http-nio-8080-exec-2] DEBUG o.s.w.s.m.support.DefaultHandlerExceptionResolver - Resolved [org.springframework.web.servlet.resource.NoResourceFoundException: No static resource api/auth/email/login-code.]
2025-11-16 15:42:16.743 [http-nio-8080-exec-2] DEBUG org.springframework.web.servlet.DispatcherServlet - Completed 404 NOT_FOUND
2025-11-16 15:42:16.750 [http-nio-8080-exec-2] DEBUG org.springframework.web.servlet.DispatcherServlet - "ERROR" dispatch for POST "/error", parameters={}
2025-11-16 15:42:16.754 [http-nio-8080-exec-2] DEBUG o.s.w.s.m.m.a.RequestMappingHandlerMapping - Mapped to org.springframework.boot.autoconfigure.web.servlet.error.BasicErrorController#error(HttpServletRequest)
2025-11-16 15:42:16.761 [http-nio-8080-exec-2] DEBUG org.springframework.web.servlet.DispatcherServlet - Exiting from "ERROR" dispatch, status 401
2025-11-16 15:42:18.348 [http-nio-8080-exec-8] DEBUG org.springframework.web.servlet.DispatcherServlet - POST "/api/auth/email/login-code", parameters={}
2025-11-16 15:42:18.349 [http-nio-8080-exec-8] DEBUG o.s.web.servlet.handler.SimpleUrlHandlerMapping - Mapped to ResourceHttpRequestHandler [classpath [META-INF/resources/], classpath [resources/], classpath [static/], classpath [public/], ServletContext [/]]
2025-11-16 15:42:18.351 [http-nio-8080-exec-8] DEBUG o.s.w.servlet.resource.ResourceHttpRequestHandler - Resource not found
2025-11-16 15:42:18.352 [http-nio-8080-exec-8] DEBUG o.s.w.s.m.support.DefaultHandlerExceptionResolver - Resolved [org.springframework.web.servlet.resource.NoResourceFoundException: No static resource api/auth/email/login-code.]
2025-11-16 15:42:18.352 [http-nio-8080-exec-8] DEBUG org.springframework.web.servlet.DispatcherServlet - Completed 404 NOT_FOUND
2025-11-16 15:42:18.354 [http-nio-8080-exec-8] DEBUG org.springframework.web.servlet.DispatcherServlet - "ERROR" dispatch for POST "/error", parameters={}
2025-11-16 15:42:18.355 [http-nio-8080-exec-8] DEBUG o.s.w.s.m.m.a.RequestMappingHandlerMapping - Mapped to org.springframework.boot.autoconfigure.web.servlet.error.BasicErrorController#error(HttpServletRequest)
2025-11-16 15:42:18.356 [http-nio-8080-exec-8] DEBUG org.springframework.web.servlet.DispatcherServlet - Exiting from "ERROR" dispatch, status 401
2025-11-16 15:42:18.739 [http-nio-8080-exec-6] DEBUG org.springframework.web.servlet.DispatcherServlet - POST "/api/auth/email/login-code", parameters={}
2025-11-16 15:42:18.742 [http-nio-8080-exec-6] DEBUG o.s.web.servlet.handler.SimpleUrlHandlerMapping - Mapped to ResourceHttpRequestHandler [classpath [META-INF/resources/], classpath [resources/], classpath [static/], classpath [public/], ServletContext [/]]
2025-11-16 15:42:18.743 [http-nio-8080-exec-6] DEBUG o.s.w.servlet.resource.ResourceHttpRequestHandler - Resource not found
2025-11-16 15:42:18.745 [http-nio-8080-exec-6] DEBUG o.s.w.s.m.support.DefaultHandlerExceptionResolver - Resolved [org.springframework.web.servlet.resource.NoResourceFoundException: No static resource api/auth/email/login-code.]
2025-11-16 15:42:18.746 [http-nio-8080-exec-6] DEBUG org.springframework.web.servlet.DispatcherServlet - Completed 404 NOT_FOUND
2025-11-16 15:42:18.747 [http-nio-8080-exec-6] DEBUG org.springframework.web.servlet.DispatcherServlet - "ERROR" dispatch for POST "/error", parameters={}
2025-11-16 15:42:18.747 [http-nio-8080-exec-6] DEBUG o.s.w.s.m.m.a.RequestMappingHandlerMapping - Mapped to org.springframework.boot.autoconfigure.web.servlet.error.BasicErrorController#error(HttpServletRequest)
2025-11-16 15:42:18.748 [http-nio-8080-exec-6] DEBUG org.springframework.web.servlet.DispatcherServlet - Exiting from "ERROR" dispatch, status 401
2025-11-16 15:42:18.916 [http-nio-8080-exec-3] DEBUG org.springframework.web.servlet.DispatcherServlet - POST "/api/auth/email/login-code", parameters={}
2025-11-16 15:42:18.918 [http-nio-8080-exec-3] DEBUG o.s.web.servlet.handler.SimpleUrlHandlerMapping - Mapped to ResourceHttpRequestHandler [classpath [META-INF/resources/], classpath [resources/], classpath [static/], classpath [public/], ServletContext [/]]
2025-11-16 15:42:18.920 [http-nio-8080-exec-3] DEBUG o.s.w.servlet.resource.ResourceHttpRequestHandler - Resource not found
2025-11-16 15:42:18.925 [http-nio-8080-exec-3] DEBUG o.s.w.s.m.support.DefaultHandlerExceptionResolver - Resolved [org.springframework.web.servlet.resource.NoResourceFoundException: No static resource api/auth/email/login-code.]
2025-11-16 15:42:18.926 [http-nio-8080-exec-3] DEBUG org.springframework.web.servlet.DispatcherServlet - Completed 404 NOT_FOUND
2025-11-16 15:42:18.928 [http-nio-8080-exec-3] DEBUG org.springframework.web.servlet.DispatcherServlet - "ERROR" dispatch for POST "/error", parameters={}
2025-11-16 15:42:18.930 [http-nio-8080-exec-3] DEBUG o.s.w.s.m.m.a.RequestMappingHandlerMapping - Mapped to org.springframework.boot.autoconfigure.web.servlet.error.BasicErrorController#error(HttpServletRequest)
2025-11-16 15:42:18.931 [http-nio-8080-exec-3] DEBUG org.springframework.web.servlet.DispatcherServlet - Exiting from "ERROR" dispatch, status 401
2025-11-16 15:42:24.030 [http-nio-8080-exec-5] DEBUG org.springframework.web.servlet.DispatcherServlet - POST "/api/auth/email/send-code", parameters={}
2025-11-16 15:42:24.032 [http-nio-8080-exec-5] DEBUG o.s.web.servlet.handler.SimpleUrlHandlerMapping - Mapped to ResourceHttpRequestHandler [classpath [META-INF/resources/], classpath [resources/], classpath [static/], classpath [public/], ServletContext [/]]
2025-11-16 15:42:24.047 [http-nio-8080-exec-5] DEBUG o.s.w.servlet.resource.ResourceHttpRequestHandler - Resource not found
2025-11-16 15:42:24.049 [http-nio-8080-exec-5] DEBUG o.s.w.s.m.support.DefaultHandlerExceptionResolver - Resolved [org.springframework.web.servlet.resource.NoResourceFoundException: No static resource api/auth/email/send-code.]
2025-11-16 15:42:24.049 [http-nio-8080-exec-5] DEBUG org.springframework.web.servlet.DispatcherServlet - Completed 404 NOT_FOUND
2025-11-16 15:42:24.051 [http-nio-8080-exec-5] DEBUG org.springframework.web.servlet.DispatcherServlet - "ERROR" dispatch for POST "/error", parameters={}
2025-11-16 15:42:24.053 [http-nio-8080-exec-5] DEBUG o.s.w.s.m.m.a.RequestMappingHandlerMapping - Mapped to org.springframework.boot.autoconfigure.web.servlet.error.BasicErrorController#error(HttpServletRequest)
2025-11-16 15:42:24.054 [http-nio-8080-exec-5] DEBUG org.springframework.web.servlet.DispatcherServlet - Exiting from "ERROR" dispatch, status 401
